// Jest Snapshot v1, https://goo.gl/fbAQLP

exports[`should start with a disabled track button 1`] = `
<div
  className="packageInput"
>
  <div>
    <form>
      <select
        className="carrierOptions"
        onChange={[Function]}
        value=""
      >
        <option
          disabled={true}
          selected={true}
          value=""
        >
          Select a Carrier
        </option>
        <option
          value="usps"
        >
          USPS
        </option>
        <option
          value="usp"
        >
          UPS
        </option>
        <option
          value="fedex"
        >
          FedEx
        </option>
      </select>
      <input
        onChange={[Function]}
        placeholder="Enter Package Tracking Number"
        type="text"
        value=""
      />
      <input
        onChange={[Function]}
        placeholder="Enter Package Name"
        type="text"
        value=""
      />
    </form>
  </div>
  <button
    className="track"
    disabled={true}
    onClick={[Function]}
  >
     Track 
    <img
      alt="tracking icon"
      height="20px"
      src="tracking.png"
      width="20px"
    />
  </button>
  <button
    className="removeButton"
    onClick={[Function]}
  >
    <img
      alt="Remove Icon"
      id="removeImg"
      src="x-button.png"
    />
  </button>
</div>
`;

exports[`should start with an empty search field 1`] = `
<div
  className="packageInput"
>
  <div>
    <form>
      <select
        className="carrierOptions"
        onChange={[Function]}
        value=""
      >
        <option
          disabled={true}
          selected={true}
          value=""
        >
          Select a Carrier
        </option>
        <option
          value="usps"
        >
          USPS
        </option>
        <option
          value="usp"
        >
          UPS
        </option>
        <option
          value="fedex"
        >
          FedEx
        </option>
      </select>
      <input
        onChange={[Function]}
        placeholder="Enter Package Tracking Number"
        type="text"
        value=""
      />
      <input
        onChange={[Function]}
        placeholder="Enter Package Name"
        type="text"
        value=""
      />
    </form>
  </div>
  <button
    className="track"
    disabled={true}
    onClick={[Function]}
  >
     Track 
    <img
      alt="tracking icon"
      height="20px"
      src="tracking.png"
      width="20px"
    />
  </button>
  <button
    className="removeButton"
    onClick={[Function]}
  >
    <img
      alt="Remove Icon"
      id="removeImg"
      src="x-button.png"
    />
  </button>
</div>
`;
